+----------------------------------------------------------+
; Synthesis Summary                                        ;
+----------------------------------------------------------+
; Quartus Prime Version : 21.1.0                          ;
; Top-level Entity      : start_lights                    ;
; Device                : MAX 10                          ;
; Timing Models         : Final                           ;
+----------------------------------------------------------+

+----------------------------------------------------------+
; Resource Usage Summary                                   ;
+----------------------------------------------------------+
; Logic LUTs        : 245 / 49760 ( 0 % )                ;
; Dedicated Logic   : 189 / 49760 ( 0 % )                ;
; Registers         : 189 / 49760 ( 0 % )                ;
; Pins              : 23 / 360 ( 6 % )                   ;
; Memory Bits       : 0 / 1677312 ( 0 % )                ;
; DSP Blocks        : 0 / 288 ( 0 % )                    ;
+----------------------------------------------------------+

+----------------------------------------------------------+
; Clock Summary                                            ;
+----------------------------------------------------------+
; Clock        : MAX10_CLK1_50                            ;
; Frequency    : 50.0 MHz                                 ;
+----------------------------------------------------------+