+----------------------------------------------------------+
; Timing Analyzer Summary                                  ;
+----------------------------------------------------------+
; Quartus Prime Version : 21.1.0                          ;
; Timing Models        : Final                            ;
; Total physical cells : 1234                             ;
; Clock Setup          : clk_50MHz                        ;
+----------------------------------------------------------+

+----------------------------------------------------------+
; Setup Summary                                            ;
+----------------------------------------------------------+
; Clock        : clk_50MHz                                ;
; Frequency    : 50.0 MHz                                 ;
; Required     : 20.000 ns                                ;
; Actual       : 18.234 ns                                ;
; Slack        : 1.766 ns                                 ;
+----------------------------------------------------------+

+----------------------------------------------------------+
; Hold Summary                                             ;
+----------------------------------------------------------+
; Clock        : clk_50MHz                                ;
; Slack        : 0.312 ns                                 ;
+----------------------------------------------------------+

+----------------------------------------------------------+
; Critical Path                                            ;
+----------------------------------------------------------+
; From         : fsm:FSM_inst|current_state.S3            ;
; To           : fsm:FSM_inst|ledr[9]                     ;
; Data Delay   : 12.456 ns                                ;
; Clock Skew   : 0.234 ns                                 ;
; Setup Slack  : 1.766 ns                                 ;
+----------------------------------------------------------+

+----------------------------------------------------------+
; Clock        : clk_halfs                                          ;
+----------------------------------------------------------+
; Frequency    : 2.0 MHz                                  ;
; Required     : 500.000 ns                               ;
; Actual       : 487.123 ns                               ;
; Slack        : 12.877 ns                                ;
+----------------------------------------------------------+

+----------------------------------------------------------+
; Clock        : tick_ms                                            ;
+----------------------------------------------------------+
; Frequency    : 1.0 kHz                                  ;
; Required     : 1000.000 ns                              ;
; Actual       : 956.234 ns                               ;
; Slack        : 43.766 ns                                ;
+----------------------------------------------------------+